current directory: /home/runner/work/nanaimi.github.io/nanaimi.github.io/vendor/bundle/ruby/3.2.0/gems/json-2.13.2/ext/json/ext/parser
/opt/hostedtoolcache/Ruby/3.2.2/x64/bin/ruby extconf.rb
checking for rb_enc_interned_str() in ruby/encoding.h... yes
checking for rb_hash_new_capa() in ruby.h... yes
checking for rb_hash_bulk_insert() in ruby.h... yes
checking for strnlen() in string.h... yes
checking for whether -std=c99 is accepted as CFLAGS... yes
checking for x86intrin.h... yes
checking for cpuid.h... yes
creating Makefile

current directory: /home/runner/work/nanaimi.github.io/nanaimi.github.io/vendor/bundle/ruby/3.2.0/gems/json-2.13.2/ext/json/ext/parser
make DESTDIR\= sitearchdir\=./.gem.20250915-2079-sek9qp sitelibdir\=./.gem.20250915-2079-sek9qp clean

current directory: /home/runner/work/nanaimi.github.io/nanaimi.github.io/vendor/bundle/ruby/3.2.0/gems/json-2.13.2/ext/json/ext/parser
make DESTDIR\= sitearchdir\=./.gem.20250915-2079-sek9qp sitelibdir\=./.gem.20250915-2079-sek9qp
compiling parser.c
linking shared-object json/ext/parser.so

current directory: /home/runner/work/nanaimi.github.io/nanaimi.github.io/vendor/bundle/ruby/3.2.0/gems/json-2.13.2/ext/json/ext/parser
make DESTDIR\= sitearchdir\=./.gem.20250915-2079-sek9qp sitelibdir\=./.gem.20250915-2079-sek9qp install
/usr/bin/install -c -m 0755 parser.so ./.gem.20250915-2079-sek9qp/json/ext

current directory: /home/runner/work/nanaimi.github.io/nanaimi.github.io/vendor/bundle/ruby/3.2.0/gems/json-2.13.2/ext/json/ext/parser
make DESTDIR\= sitearchdir\=./.gem.20250915-2079-sek9qp sitelibdir\=./.gem.20250915-2079-sek9qp clean
